
3
4
5
9
10
11
12
16
17
19
20
24
25
26
27
28
29
33
37
38
42
43
44
45
46
47
51