== Parsing

== Done parsing
[35m[Node_TranslationUnit] Function count: 2
[0m[35m  [Node_Function] ReturnType: int ; Name: fn ; ParamCount: 1
[0m[35m    [Node_Type] int
[0m[35m    [Node_FunctionParameterList] ParameterCount: 1
[0m[35m      [Node_FunctionParameter] Type: int
[0m[35m        [Node_Variable] a
[0m[35m    [Node_CodeBlock] InstructionCount: 2
[0m[35m      [Node_Declaration] Type: int ; Assignment: 1
[0m[35m        [Node_Variable] b
[0m[35m        [Node_NumberLiteral] 42
[0m[35m      [Node_ReturnStatement] 
[0m[35m      [Node_NumberLiteral] 1
[0m[35m  [Node_Function] ReturnType: int ; Name: main ; ParamCount: 0
[0m[35m    [Node_Type] int
[0m[35m    [Node_FunctionParameterList] ParameterCount: 0
[0m[35m    [Node_CodeBlock] InstructionCount: 3
[0m[35m      [Node_Declaration] Type: int ; Assignment: 1
[0m[35m        [Node_Variable] a
[0m[35m        [Node_NumberLiteral] 1
[0m[35m      [Node_FunctionCall] fn ; ArgumentCount: 1
[0m[35m        [Node_Variable] a
[0m[35m      [Node_ReturnStatement] 
[0m[35m      [Node_NumberLiteral] 1
[0m[35m[Node_TranslationUnit] Class count: 0
[0m
== Decorating
[35mScopeStack of 3 scopes
[0m[35m[Scope] id=0 ; parent=0
  [Type] id=1 ; name=char ; size=1
  [Type] id=2 ; name=int ; size=4
  [Type] id=0 ; name=void ; size=0
  [Function] id=1 name=fn ; returnType=int ; parameters=int 
  [Function] id=2 name=main ; returnType=int ; parameters=
[0m[35m[Scope] id=1 ; parent=0
  [Variable] id=1 ; name=b ; location=LocalStackOffset: byteSize=4, byteOffset=4
[0m[35m[Scope] id=2 ; parent=0
  [Variable] id=2 ; name=a ; location=LocalStackOffset: byteSize=4, byteOffset=4
[0m
== Done decorating
[35m[Node_TranslationUnit] Function count: 2
[0m[35m  [Node_Function] ReturnType: int ; Name: fn ; ParamCount: 1
[0m[35m    [Node_Type] int
[0m[34m      [Decoration] TypeDescription: int ; Size: 4 ; Id: 2
[0m[35m    [Node_FunctionParameterList] ParameterCount: 1
[0m[35m      [Node_FunctionParameter] Type: int
[0m[35m        [Node_Variable] a
[0m[35m    [Node_CodeBlock] InstructionCount: 2
[0m[35m      [Node_Declaration] Type: int ; Assignment: 1
[0m[35m        [Node_Variable] b
[0m[34m          [Decoration] VariableDescription: Id: 1
[0m[35m        [Node_NumberLiteral] 42
[0m[35m      [Node_ReturnStatement] 
[0m[35m      [Node_NumberLiteral] 1
[0m[34m    [Decoration] FunctionDescription: fn ; Id: 1
[0m[35m  [Node_Function] ReturnType: int ; Name: main ; ParamCount: 0
[0m[35m    [Node_Type] int
[0m[34m      [Decoration] TypeDescription: int ; Size: 4 ; Id: 2
[0m[35m    [Node_FunctionParameterList] ParameterCount: 0
[0m[35m    [Node_CodeBlock] InstructionCount: 3
[0m[35m      [Node_Declaration] Type: int ; Assignment: 1
[0m[35m        [Node_Variable] a
[0m[34m          [Decoration] VariableDescription: Id: 2
[0m[35m        [Node_NumberLiteral] 1
[0m[35m      [Node_FunctionCall] fn ; ArgumentCount: 1
[0m[35m        [Node_Variable] a
[0m[34m          [Decoration] VariableDescription: Id: 2
[0m[35m      [Node_ReturnStatement] 
[0m[35m      [Node_NumberLiteral] 1
[0m[34m    [Decoration] FunctionDescription: main ; Id: 2
[0m[35m[Node_TranslationUnit] Class count: 0
[0m
== Generating code
== Generated asm to a.asm:
section .data

section .rodata

section .bss

section .text

	global fn:function
	global main:function
	global _start:function

_start:
	call main
	mov rdi, rax            ; Exit code (0) expects return of main to be put in rax for now
	mov rax, 60                  ; Syscall number for exit (60)
	syscall                      ; Make the syscall

fn:
	push rbp                 ; Save the base pointer
	mov rbp, rsp              ; Set base pointer to current stack pointer
	sub rsp, 4 ; Creating space on the stack
	mov rax, 42 ; Loading number literal
	mov [rbp-4], eax ; Storing value in memory
	mov rax, 1 ; Loading number literal
	mov rsp, rbp              ; Restoring stack pointer
	pop rbp                   ; Restore the base pointer
	ret
main:
	push rbp                 ; Save the base pointer
	mov rbp, rsp              ; Set base pointer to current stack pointer
	sub rsp, 4 ; Creating space on the stack
	mov rax, 1 ; Loading number literal
	mov [rbp-4], eax ; Storing value in memory
	mov edi, [rbp-4] ; Loading value from memory
	call fn
	mov rax, 1 ; Loading number literal
	mov rsp, rbp              ; Restoring stack pointer
	pop rbp                   ; Restore the base pointer
	ret
== Generated .o as a.o:
== Generating exe as a.out:
