== Parsing
[Line: 0, Offset: 2] Build failed: Unexpected token type=[TT_SLASH] for value=[/] expected=[TT_IDENT]
 /
 ^