== Parsing

== Done parsing
[35m[Node_TranslationUnit] Function count: 2
[0m[35m  [Node_Function] ReturnType: int ; Name: main ; ParamCount: 0
[0m[35m    [Node_Type] int
[0m[35m    [Node_FunctionParameterList] ParameterCount: 0
[0m[35m    [Node_CodeBlock] InstructionCount: 2
[0m[35m      [Node_FunctionCall] f ; ArgumentCount: 0
[0m[35m      [Node_ReturnStatement] 
[0m[35m      [Node_NumberLiteral] 0
[0m[35m  [Node_Function] ReturnType: void ; Name: f ; ParamCount: 0
[0m[35m    [Node_Type] void
[0m[35m    [Node_FunctionParameterList] ParameterCount: 0
[0m[35m    [Node_CodeBlock] InstructionCount: 0
[0m[35m[Node_TranslationUnit] Class count: 0
[0m
== Decorating
Build failed: Function not found: f in scope 0