== Parsing
[Line: 3, Offset: 0] Build failed: Unexpected token type=[TT_RCURL] for value=[}] expected=[TT_SEMI]

^